mode: set
urlshortener/internal/shortener/dbconfig.go:14.115,16.2 1 0
urlshortener/internal/shortener/dbconfig.go:18.53,20.2 1 0
urlshortener/internal/shortener/fakestore.go:17.32,22.2 1 1
urlshortener/internal/shortener/fakestore.go:24.60,26.25 1 1
urlshortener/internal/shortener/fakestore.go:26.25,28.3 1 1
urlshortener/internal/shortener/fakestore.go:30.2,31.16 2 1
urlshortener/internal/shortener/fakestore.go:31.16,33.3 1 1
urlshortener/internal/shortener/fakestore.go:35.2,38.50 3 1
urlshortener/internal/shortener/fakestore.go:38.50,40.3 1 0
urlshortener/internal/shortener/fakestore.go:42.2,52.18 5 1
urlshortener/internal/shortener/fakestore.go:55.72,56.21 1 1
urlshortener/internal/shortener/fakestore.go:56.21,58.3 1 1
urlshortener/internal/shortener/fakestore.go:60.2,64.13 4 1
urlshortener/internal/shortener/fakestore.go:64.13,66.3 1 1
urlshortener/internal/shortener/fakestore.go:68.2,68.18 1 1
urlshortener/internal/shortener/fakestore.go:71.61,76.2 4 1
urlshortener/internal/shortener/handler.go:29.55,35.2 2 1
urlshortener/internal/shortener/handler.go:37.73,42.33 5 1
urlshortener/internal/shortener/handler.go:42.33,45.3 2 1
urlshortener/internal/shortener/handler.go:46.2,47.16 2 1
urlshortener/internal/shortener/handler.go:47.16,48.36 1 1
urlshortener/internal/shortener/handler.go:48.36,51.4 2 1
urlshortener/internal/shortener/handler.go:52.3,53.9 2 1
urlshortener/internal/shortener/handler.go:56.2,63.37 4 1
urlshortener/internal/shortener/handler.go:66.74,69.16 3 1
urlshortener/internal/shortener/handler.go:69.16,70.34 1 1
urlshortener/internal/shortener/handler.go:70.34,73.4 2 1
urlshortener/internal/shortener/handler.go:74.3,75.9 2 1
urlshortener/internal/shortener/handler.go:77.2,77.57 1 1
urlshortener/internal/shortener/handler.go:80.77,83.16 3 1
urlshortener/internal/shortener/handler.go:83.16,84.34 1 1
urlshortener/internal/shortener/handler.go:84.34,87.4 2 1
urlshortener/internal/shortener/handler.go:88.3,89.9 2 1
urlshortener/internal/shortener/handler.go:91.2,93.41 3 1
urlshortener/internal/shortener/postgres_store.go:22.59,25.16 2 1
urlshortener/internal/shortener/postgres_store.go:25.16,27.3 1 0
urlshortener/internal/shortener/postgres_store.go:29.2,29.52 1 1
urlshortener/internal/shortener/postgres_store.go:29.52,31.3 1 0
urlshortener/internal/shortener/postgres_store.go:32.2,32.36 1 1
urlshortener/internal/shortener/postgres_store.go:35.64,37.16 2 1
urlshortener/internal/shortener/postgres_store.go:37.16,39.3 1 1
urlshortener/internal/shortener/postgres_store.go:41.2,43.25 3 1
urlshortener/internal/shortener/postgres_store.go:43.25,45.3 1 1
urlshortener/internal/shortener/postgres_store.go:45.8,45.61 1 1
urlshortener/internal/shortener/postgres_store.go:45.61,47.3 1 0
urlshortener/internal/shortener/postgres_store.go:49.2,50.32 2 1
urlshortener/internal/shortener/postgres_store.go:50.32,52.17 2 1
urlshortener/internal/shortener/postgres_store.go:52.17,54.4 1 0
urlshortener/internal/shortener/postgres_store.go:56.3,62.55 2 1
urlshortener/internal/shortener/postgres_store.go:62.55,64.4 1 1
urlshortener/internal/shortener/postgres_store.go:67.2,67.55 1 0
urlshortener/internal/shortener/postgres_store.go:70.76,73.25 3 1
urlshortener/internal/shortener/postgres_store.go:73.25,74.54 1 1
urlshortener/internal/shortener/postgres_store.go:74.54,76.4 1 1
urlshortener/internal/shortener/postgres_store.go:77.3,77.74 1 0
urlshortener/internal/shortener/postgres_store.go:79.2,82.8 1 1
urlshortener/internal/shortener/store.go:25.30,30.2 1 1
urlshortener/internal/shortener/store.go:32.63,34.16 2 1
urlshortener/internal/shortener/store.go:34.16,36.3 1 1
urlshortener/internal/shortener/store.go:38.2,40.60 2 1
urlshortener/internal/shortener/store.go:40.60,42.3 1 1
urlshortener/internal/shortener/store.go:43.2,48.60 4 1
urlshortener/internal/shortener/store.go:48.60,50.3 1 0
urlshortener/internal/shortener/store.go:52.2,53.47 2 1
urlshortener/internal/shortener/store.go:53.47,55.17 2 1
urlshortener/internal/shortener/store.go:55.17,57.4 1 0
urlshortener/internal/shortener/store.go:58.3,58.55 1 1
urlshortener/internal/shortener/store.go:58.55,60.9 2 1
urlshortener/internal/shortener/store.go:65.2,65.25 1 1
urlshortener/internal/shortener/store.go:65.25,67.3 1 0
urlshortener/internal/shortener/store.go:69.2,71.27 3 1
urlshortener/internal/shortener/store.go:74.75,77.60 3 1
urlshortener/internal/shortener/store.go:77.60,79.3 1 1
urlshortener/internal/shortener/store.go:80.2,80.32 1 1
urlshortener/internal/shortener/store.go:83.50,85.19 2 1
urlshortener/internal/shortener/store.go:85.19,87.3 1 0
urlshortener/internal/shortener/store.go:88.2,90.94 2 1
urlshortener/internal/shortener/store.go:90.94,92.3 1 1
urlshortener/internal/shortener/store.go:94.2,97.24 3 1
urlshortener/internal/shortener/store.go:97.24,99.3 1 1
urlshortener/internal/shortener/store.go:100.2,100.29 1 1
urlshortener/internal/shortener/store.go:103.47,105.19 2 1
urlshortener/internal/shortener/store.go:105.19,107.17 2 1
urlshortener/internal/shortener/store.go:107.17,109.4 1 0
urlshortener/internal/shortener/store.go:110.3,110.30 1 1
urlshortener/internal/shortener/store.go:112.2,112.23 1 1
