mode: set
urlshortener/internal/shortener/dbconfig.go:14.115,16.2 1 0
urlshortener/internal/shortener/dbconfig.go:18.53,20.2 1 0
urlshortener/internal/shortener/fakestore.go:17.32,22.2 1 1
urlshortener/internal/shortener/fakestore.go:24.60,26.25 1 1
urlshortener/internal/shortener/fakestore.go:26.25,28.3 1 1
urlshortener/internal/shortener/fakestore.go:30.2,31.16 2 1
urlshortener/internal/shortener/fakestore.go:31.16,33.3 1 1
urlshortener/internal/shortener/fakestore.go:35.2,38.50 3 1
urlshortener/internal/shortener/fakestore.go:38.50,40.3 1 0
urlshortener/internal/shortener/fakestore.go:42.2,52.18 5 1
urlshortener/internal/shortener/fakestore.go:55.72,56.21 1 1
urlshortener/internal/shortener/fakestore.go:56.21,58.3 1 1
urlshortener/internal/shortener/fakestore.go:60.2,64.13 4 1
urlshortener/internal/shortener/fakestore.go:64.13,66.3 1 1
urlshortener/internal/shortener/fakestore.go:68.2,68.18 1 1
urlshortener/internal/shortener/fakestore.go:71.61,76.2 4 1
urlshortener/internal/shortener/handler.go:29.55,35.2 2 1
urlshortener/internal/shortener/handler.go:37.73,42.33 5 1
urlshortener/internal/shortener/handler.go:42.33,45.3 2 1
urlshortener/internal/shortener/handler.go:46.2,47.16 2 1
urlshortener/internal/shortener/handler.go:47.16,48.36 1 1
urlshortener/internal/shortener/handler.go:48.36,51.4 2 1
urlshortener/internal/shortener/handler.go:52.3,53.9 2 1
urlshortener/internal/shortener/handler.go:56.2,63.37 4 1
urlshortener/internal/shortener/handler.go:66.74,69.16 3 1
urlshortener/internal/shortener/handler.go:69.16,70.34 1 1
urlshortener/internal/shortener/handler.go:70.34,73.4 2 1
urlshortener/internal/shortener/handler.go:74.3,75.9 2 1
urlshortener/internal/shortener/handler.go:77.2,77.57 1 1
urlshortener/internal/shortener/handler.go:80.77,83.16 3 1
urlshortener/internal/shortener/handler.go:83.16,84.34 1 1
urlshortener/internal/shortener/handler.go:84.34,87.4 2 1
urlshortener/internal/shortener/handler.go:88.3,89.9 2 1
urlshortener/internal/shortener/handler.go:91.2,93.41 3 1
urlshortener/internal/shortener/postgres_store.go:22.59,25.16 2 1
urlshortener/internal/shortener/postgres_store.go:25.16,27.3 1 0
urlshortener/internal/shortener/postgres_store.go:29.2,29.52 1 1
urlshortener/internal/shortener/postgres_store.go:29.52,31.3 1 0
urlshortener/internal/shortener/postgres_store.go:32.2,32.36 1 1
urlshortener/internal/shortener/postgres_store.go:35.64,37.16 2 1
urlshortener/internal/shortener/postgres_store.go:37.16,39.3 1 1
urlshortener/internal/shortener/postgres_store.go:41.2,43.25 3 1
urlshortener/internal/shortener/postgres_store.go:43.25,45.3 1 1
urlshortener/internal/shortener/postgres_store.go:45.8,45.61 1 1
urlshortener/internal/shortener/postgres_store.go:45.61,47.3 1 0
urlshortener/internal/shortener/postgres_store.go:49.2,50.32 2 1
urlshortener/internal/shortener/postgres_store.go:50.32,52.17 2 1
urlshortener/internal/shortener/postgres_store.go:52.17,54.4 1 0
urlshortener/internal/shortener/postgres_store.go:56.3,62.19 3 1
urlshortener/internal/shortener/postgres_store.go:62.19,64.4 1 1
urlshortener/internal/shortener/postgres_store.go:66.3,68.22 3 1
urlshortener/internal/shortener/postgres_store.go:68.22,70.4 1 1
urlshortener/internal/shortener/postgres_store.go:73.2,73.55 1 0
urlshortener/internal/shortener/postgres_store.go:76.76,79.25 3 1
urlshortener/internal/shortener/postgres_store.go:79.25,80.54 1 1
urlshortener/internal/shortener/postgres_store.go:80.54,82.4 1 1
urlshortener/internal/shortener/postgres_store.go:83.3,83.74 1 0
urlshortener/internal/shortener/postgres_store.go:85.2,88.8 1 1
urlshortener/internal/shortener/store.go:25.30,30.2 1 1
urlshortener/internal/shortener/store.go:32.63,34.16 2 1
urlshortener/internal/shortener/store.go:34.16,36.3 1 1
urlshortener/internal/shortener/store.go:38.2,40.60 2 1
urlshortener/internal/shortener/store.go:40.60,43.3 2 1
urlshortener/internal/shortener/store.go:44.2,49.60 4 1
urlshortener/internal/shortener/store.go:49.60,51.3 1 0
urlshortener/internal/shortener/store.go:53.2,54.47 2 1
urlshortener/internal/shortener/store.go:54.47,56.17 2 1
urlshortener/internal/shortener/store.go:56.17,58.4 1 0
urlshortener/internal/shortener/store.go:59.3,59.55 1 1
urlshortener/internal/shortener/store.go:59.55,61.9 2 1
urlshortener/internal/shortener/store.go:66.2,66.25 1 1
urlshortener/internal/shortener/store.go:66.25,68.3 1 0
urlshortener/internal/shortener/store.go:70.2,72.27 3 1
urlshortener/internal/shortener/store.go:75.75,78.60 3 1
urlshortener/internal/shortener/store.go:78.60,80.3 1 1
urlshortener/internal/shortener/store.go:81.2,81.32 1 1
urlshortener/internal/shortener/store.go:84.50,86.19 2 1
urlshortener/internal/shortener/store.go:86.19,88.3 1 0
urlshortener/internal/shortener/store.go:89.2,91.94 2 1
urlshortener/internal/shortener/store.go:91.94,93.3 1 1
urlshortener/internal/shortener/store.go:95.2,98.24 3 1
urlshortener/internal/shortener/store.go:98.24,100.3 1 1
urlshortener/internal/shortener/store.go:101.2,101.29 1 1
urlshortener/internal/shortener/store.go:104.47,106.19 2 1
urlshortener/internal/shortener/store.go:106.19,108.17 2 1
urlshortener/internal/shortener/store.go:108.17,110.4 1 0
urlshortener/internal/shortener/store.go:111.3,111.30 1 1
urlshortener/internal/shortener/store.go:113.2,113.23 1 1
